#0 building with "desktop-linux" instance using docker driver

#1 [internal] load build definition from Dockerfile
#1 transferring dockerfile: 2.08kB done
#1 DONE 0.0s

#2 [context package-cache] load .dockerignore
#2 transferring package-cache: 2B done
#2 DONE 0.0s

#3 [internal] load metadata for docker.io/library/node:24.18.0-bookworm-slim@sha256:6f7b03f7c2c8e2e784dcf9295400527b9b1270fd37b7e9a7285cf83b6951452d
#3 DONE 1.7s

#4 [internal] load .dockerignore
#4 transferring context: 159B done
#4 DONE 0.0s

#5 [runtime-base 1/2] FROM docker.io/library/node:24.18.0-bookworm-slim@sha256:6f7b03f7c2c8e2e784dcf9295400527b9b1270fd37b7e9a7285cf83b6951452d
#5 resolve docker.io/library/node:24.18.0-bookworm-slim@sha256:6f7b03f7c2c8e2e784dcf9295400527b9b1270fd37b7e9a7285cf83b6951452d done
#5 DONE 0.0s

#6 [internal] load build context
#6 transferring context: 198.27kB 0.0s done
#6 DONE 0.0s

#7 [context package-cache] load from client
#7 transferring package-cache: 6.22MB 2.0s done
#7 DONE 2.1s

#8 [builder  3/15] COPY package.json pnpm-workspace.yaml pnpm-lock.yaml ./
#8 CACHED

#9 [builder  5/15] COPY packages/api-client/package.json ./packages/api-client/package.json
#9 CACHED

#10 [builder  7/15] COPY packages/creative/package.json ./packages/creative/package.json
#10 CACHED

#11 [runtime-base 2/2] RUN apt-get update && apt-get install -y --no-install-recommends ca-certificates fontconfig fonts-dejavu-core && rm -rf /var/lib/apt/lists/*
#11 CACHED

#12 [builder  1/15] WORKDIR /app
#12 CACHED

#13 [builder  6/15] COPY packages/connectors/package.json ./packages/connectors/package.json
#13 CACHED

#14 [builder  4/15] COPY apps/web/package.json ./apps/web/package.json
#14 CACHED

#15 [builder  2/15] RUN corepack enable && corepack prepare pnpm@11.19.0 --activate
#15 CACHED

#16 [builder  8/15] COPY packages/db/package.json ./packages/db/package.json
#16 CACHED

#17 [builder  9/15] COPY packages/knowledge/package.json ./packages/knowledge/package.json
#17 CACHED

#18 [builder 10/15] RUN --mount=type=cache,id=eds-orbit-pnpm,target=/pnpm/store,sharing=locked --mount=type=cache,id=eds-orbit-registry,target=/root/.cache/pnpm,sharing=locked --mount=type=bind,from=package-cache,source=/seed,target=/seed     if [ -f /seed/v11/index.db ]; then sha256sum /seed/v11/index.db > /tmp/seed-index.sha256; if ! cmp -s /tmp/seed-index.sha256 /pnpm/store/.seed-index.sha256; then cp -a /seed/v11 /pnpm/store/ && cp /tmp/seed-index.sha256 /pnpm/store/.seed-index.sha256; fi; fi &&     if [ -d /seed/metadata ]; then cp -a /seed/metadata/. /root/.cache/pnpm/; fi &&     pnpm install --frozen-lockfile --prefer-offline --store-dir /pnpm/store --network-concurrency=8 --fetch-timeout=600000
#18 CACHED

#19 [builder 11/15] COPY apps ./apps
#19 DONE 0.0s

#20 [builder 12/15] COPY packages ./packages
#20 DONE 0.0s

#21 [builder 13/15] COPY tsconfig.json ./
#21 DONE 0.0s

#22 [builder 14/15] COPY scripts ./scripts
#22 DONE 0.0s

#23 [builder 15/15] RUN pnpm db:generate && pnpm --dir apps/web build
#23 0.403 $ prisma generate --config packages/db/prisma.config.ts
#23 0.877 Loaded Prisma config from packages/db/prisma.config.ts.
#23 0.877 
#23 0.970 Prisma schema loaded from packages/db/prisma/schema.prisma.
#23 1.179 
#23 1.179 ✔ Generated Prisma Client (v7.10.0) to ./node_modules/.pnpm/@prisma+client@7.10.0_prisma@7.10.0_@types+node@22.20.3_@types+react-dom@19.3.0_@types+_d09ae9f16ba9404ebccfd70412096100/node_modules/@prisma/client in 147ms
#23 1.179 
#23 1.179 Start by importing your Prisma Client (See: https://pris.ly/d/importing-client)
#23 1.179 
#23 1.179 
#23 1.441 $ next build
#23 1.673 ▲ Next.js 16.3.5 (Turbopack)
#23 1.698 ✓ Running next.config.ts took 25ms
#23 1.705 
#23 1.716   Creating an optimized production build ...
#23 3.753 ✓ Compiled successfully in 1952ms
#23 3.763   Running TypeScript ...
#23 5.706   Finished TypeScript in 1944ms ...
#23 5.708   Collecting page data using 5 workers ...
#23 5.924   Generating static pages using 5 workers (0/2) ...
#23 6.175 ✓ Generating static pages using 5 workers (2/2) in 251ms
#23 6.179   Finalizing page optimization ...
#23 6.184 
#23 6.185 Route (app)
#23 6.185 ┌ ○ /_not-found
#23 6.185 ├ ƒ /[[...route]]
#23 6.185 └ ƒ /api/[...path]
#23 6.185 
#23 6.185 
#23 6.185 ○  (Static)   prerendered as static content
#23 6.185 ƒ  (Dynamic)  server-rendered on demand
#23 6.185 
#23 DONE 6.3s

#12 [builder  1/15] WORKDIR /app
#12 CACHED

#24 [runner 2/2] COPY --from=builder --chown=node:node /app /app
#24 DONE 3.0s

#25 exporting to image
#25 exporting layers
#25 exporting layers 20.5s done
#25 exporting manifest sha256:008920506bd4509a9b99cb601fe7925822f4c015f616cdc7969622ad9240e686 done
#25 exporting config sha256:b4cd14132d232292485af2572835325c19f6e6e5bc7e26fecbbd41ed8c9b2ebd done
#25 exporting attestation manifest sha256:1786fddaea06396cfce436da68fa2bdef95133cb3e25395112d1b4d1112db1a9 done
#25 exporting manifest list sha256:e86ed404b50794cf7e4fdbb7471bb20c79f19c07fc516ed24ec4817bcc4e1a2f done
#25 naming to docker.io/library/eds-orbit:local-rc done
#25 unpacking to docker.io/library/eds-orbit:local-rc
#25 unpacking to docker.io/library/eds-orbit:local-rc 4.5s done
#25 DONE 25.0s
